// Jest Snapshot v1, https://goo.gl/fbAQLP

exports[`ErrorInfo should match initial snapshot 1`] = `
<div class="error-info">
  <p>Select other days</p> <span>Selected date includes unavailable days</span>
</div>
`;
